Archive member included to satisfy reference by file (symbol)

C:/ST/STM32CubeIDE_1.16.1/STM32CubeIDE/plugins/com.st.stm32cube.ide.mcu.externaltools.gnu-tools-for-stm32.12.3.rel1.win32_1.0.200.202406191623/tools/bin/../lib/gcc/arm-none-eabi/12.3.1/../../../../arm-none-eabi/lib/thumb/v7e-m+fp/hard\libc_nano.a(libc_a-exit.o)
                              C:/ST/STM32CubeIDE_1.16.1/STM32CubeIDE/plugins/com.st.stm32cube.ide.mcu.externaltools.gnu-tools-for-stm32.12.3.rel1.win32_1.0.200.202406191623/tools/bin/../lib/gcc/arm-none-eabi/12.3.1/../../../../arm-none-eabi/lib/thumb/v7e-m+fp/hard/crt0.o (exit)
C:/ST/STM32CubeIDE_1.16.1/STM32CubeIDE/plugins/com.st.stm32cube.ide.mcu.externaltools.gnu-tools-for-stm32.12.3.rel1.win32_1.0.200.202406191623/tools/bin/../lib/gcc/arm-none-eabi/12.3.1/../../../../arm-none-eabi/lib/thumb/v7e-m+fp/hard\libc_nano.a(libc_a-findfp.o)
                              C:/ST/STM32CubeIDE_1.16.1/STM32CubeIDE/plugins/com.st.stm32cube.ide.mcu.externaltools.gnu-tools-for-stm32.12.3.rel1.win32_1.0.200.202406191623/tools/bin/../lib/gcc/arm-none-eabi/12.3.1/../../../../arm-none-eabi/lib/thumb/v7e-m+fp/hard\libc_nano.a(libc_a-exit.o) (__stdio_exit_handler)
C:/ST/STM32CubeIDE_1.16.1/STM32CubeIDE/plugins/com.st.stm32cube.ide.mcu.externaltools.gnu-tools-for-stm32.12.3.rel1.win32_1.0.200.202406191623/tools/bin/../lib/gcc/arm-none-eabi/12.3.1/../../../../arm-none-eabi/lib/thumb/v7e-m+fp/hard\libc_nano.a(libc_a-fwalk.o)
                              C:/ST/STM32CubeIDE_1.16.1/STM32CubeIDE/plugins/com.st.stm32cube.ide.mcu.externaltools.gnu-tools-for-stm32.12.3.rel1.win32_1.0.200.202406191623/tools/bin/../lib/gcc/arm-none-eabi/12.3.1/../../../../arm-none-eabi/lib/thumb/v7e-m+fp/hard\libc_nano.a(libc_a-findfp.o) (_fwalk_sglue)
C:/ST/STM32CubeIDE_1.16.1/STM32CubeIDE/plugins/com.st.stm32cube.ide.mcu.externaltools.gnu-tools-for-stm32.12.3.rel1.win32_1.0.200.202406191623/tools/bin/../lib/gcc/arm-none-eabi/12.3.1/../../../../arm-none-eabi/lib/thumb/v7e-m+fp/hard\libc_nano.a(libc_a-stdio.o)
                              C:/ST/STM32CubeIDE_1.16.1/STM32CubeIDE/plugins/com.st.stm32cube.ide.mcu.externaltools.gnu-tools-for-stm32.12.3.rel1.win32_1.0.200.202406191623/tools/bin/../lib/gcc/arm-none-eabi/12.3.1/../../../../arm-none-eabi/lib/thumb/v7e-m+fp/hard\libc_nano.a(libc_a-findfp.o) (__sread)
C:/ST/STM32CubeIDE_1.16.1/STM32CubeIDE/plugins/com.st.stm32cube.ide.mcu.externaltools.gnu-tools-for-stm32.12.3.rel1.win32_1.0.200.202406191623/tools/bin/../lib/gcc/arm-none-eabi/12.3.1/../../../../arm-none-eabi/lib/thumb/v7e-m+fp/hard\libc_nano.a(libc_a-memset.o)
                              C:/ST/STM32CubeIDE_1.16.1/STM32CubeIDE/plugins/com.st.stm32cube.ide.mcu.externaltools.gnu-tools-for-stm32.12.3.rel1.win32_1.0.200.202406191623/tools/bin/../lib/gcc/arm-none-eabi/12.3.1/../../../../arm-none-eabi/lib/thumb/v7e-m+fp/hard/crt0.o (memset)
C:/ST/STM32CubeIDE_1.16.1/STM32CubeIDE/plugins/com.st.stm32cube.ide.mcu.externaltools.gnu-tools-for-stm32.12.3.rel1.win32_1.0.200.202406191623/tools/bin/../lib/gcc/arm-none-eabi/12.3.1/../../../../arm-none-eabi/lib/thumb/v7e-m+fp/hard\libc_nano.a(libc_a-closer.o)
                              C:/ST/STM32CubeIDE_1.16.1/STM32CubeIDE/plugins/com.st.stm32cube.ide.mcu.externaltools.gnu-tools-for-stm32.12.3.rel1.win32_1.0.200.202406191623/tools/bin/../lib/gcc/arm-none-eabi/12.3.1/../../../../arm-none-eabi/lib/thumb/v7e-m+fp/hard\libc_nano.a(libc_a-stdio.o) (_close_r)
C:/ST/STM32CubeIDE_1.16.1/STM32CubeIDE/plugins/com.st.stm32cube.ide.mcu.externaltools.gnu-tools-for-stm32.12.3.rel1.win32_1.0.200.202406191623/tools/bin/../lib/gcc/arm-none-eabi/12.3.1/../../../../arm-none-eabi/lib/thumb/v7e-m+fp/hard\libc_nano.a(libc_a-reent.o)
                              C:/ST/STM32CubeIDE_1.16.1/STM32CubeIDE/plugins/com.st.stm32cube.ide.mcu.externaltools.gnu-tools-for-stm32.12.3.rel1.win32_1.0.200.202406191623/tools/bin/../lib/gcc/arm-none-eabi/12.3.1/../../../../arm-none-eabi/lib/thumb/v7e-m+fp/hard\libc_nano.a(libc_a-closer.o) (errno)
C:/ST/STM32CubeIDE_1.16.1/STM32CubeIDE/plugins/com.st.stm32cube.ide.mcu.externaltools.gnu-tools-for-stm32.12.3.rel1.win32_1.0.200.202406191623/tools/bin/../lib/gcc/arm-none-eabi/12.3.1/../../../../arm-none-eabi/lib/thumb/v7e-m+fp/hard\libc_nano.a(libc_a-impure.o)
                              C:/ST/STM32CubeIDE_1.16.1/STM32CubeIDE/plugins/com.st.stm32cube.ide.mcu.externaltools.gnu-tools-for-stm32.12.3.rel1.win32_1.0.200.202406191623/tools/bin/../lib/gcc/arm-none-eabi/12.3.1/../../../../arm-none-eabi/lib/thumb/v7e-m+fp/hard\libc_nano.a(libc_a-reent.o) (_impure_ptr)
C:/ST/STM32CubeIDE_1.16.1/STM32CubeIDE/plugins/com.st.stm32cube.ide.mcu.externaltools.gnu-tools-for-stm32.12.3.rel1.win32_1.0.200.202406191623/tools/bin/../lib/gcc/arm-none-eabi/12.3.1/../../../../arm-none-eabi/lib/thumb/v7e-m+fp/hard\libc_nano.a(libc_a-lseekr.o)
[...]
Memory Configuration

Name             Origin             Length             Attributes
RAM              0x20000000         0x0001c000         xrw
FLASH            0x08000000         0x00080000         xr
*default*        0x00000000         0xffffffff

Linker script and memory map

LOAD C:/ST/STM32CubeIDE_1.16.1/STM32CubeIDE/plugins/com.st.stm32cube.ide.mcu.externaltools.gnu-tools-for-stm32.12.3.rel1.win32_1.0.200.202406191623/tools/bin/../lib/gcc/arm-none-eabi/12.3.1/thumb/v7e-m+fp/hard/crti.o
LOAD C:/ST/STM32CubeIDE_1.16.1/STM32CubeIDE/plugins/com.st.stm32cube.ide.mcu.externaltools.gnu-tools-for-stm32.12.3.rel1.win32_1.0.200.202406191623/tools/bin/../lib/gcc/arm-none-eabi/12.3.1/thumb/v7e-m+fp/hard/crtbegin.o
LOAD C:/ST/STM32CubeIDE_1.16.1/STM32CubeIDE/plugins/com.st.stm32cube.ide.mcu.externaltools.gnu-tools-for-stm32.12.3.rel1.win32_1.0.200.202406191623/tools/bin/../lib/gcc/arm-none-eabi/12.3.1/../../../../arm-none-eabi/lib/thumb/v7e-m+fp/hard/crt0.o
LOAD ./Core/Src/main.o
LOAD ./Core/Src/stm32g4xx_hal_msp.o
LOAD ./Core/Src/stm32g4xx_it.o
LOAD ./Core/Src/syscalls.o
LOAD ./Core/Src/sysmem.o
LOAD ./Core/Src/system_stm32g4xx.o
LOAD ./Core/Startup/startup_stm32g491retx.o
LOAD ./Drivers/STM32G4xx_HAL_Driver/Src/stm32g4xx_hal.o
LOAD ./Drivers/STM32G4xx_HAL_Driver/Src/stm32g4xx_hal_cortex.o
LOAD ./Drivers/STM32G4xx_HAL_Driver/Src/stm32g4xx_hal_dma.o
LOAD ./Drivers/STM32G4xx_HAL_Driver/Src/stm32g4xx_hal_dma_ex.o
LOAD ./Drivers/STM32G4xx_HAL_Driver/Src/stm32g4xx_hal_exti.o
LOAD ./Drivers/STM32G4xx_HAL_Driver/Src/stm32g4xx_hal_flash.o
LOAD ./Drivers/STM32G4xx_HAL_Driver/Src/stm32g4xx_hal_flash_ex.o
LOAD ./Drivers/STM32G4xx_HAL_Driver/Src/stm32g4xx_hal_flash_ramfunc.o
LOAD ./Drivers/STM32G4xx_HAL_Driver/Src/stm32g4xx_hal_gpio.o
LOAD ./Drivers/STM32G4xx_HAL_Driver/Src/stm32g4xx_hal_pwr.o
LOAD ./Drivers/STM32G4xx_HAL_Driver/Src/stm32g4xx_hal_pwr_ex.o
LOAD ./Drivers/STM32G4xx_HAL_Driver/Src/stm32g4xx_hal_rcc.o
LOAD ./Drivers/STM32G4xx_HAL_Driver/Src/stm32g4xx_hal_rcc_ex.o
LOAD ./Drivers/STM32G4xx_HAL_Driver/Src/stm32g4xx_hal_spi.o
LOAD ./Drivers/STM32G4xx_HAL_Driver/Src/stm32g4xx_hal_spi_ex.o
LOAD ./Drivers/STM32G4xx_HAL_Driver/Src/stm32g4xx_hal_tim.o
LOAD ./Drivers/STM32G4xx_HAL_Driver/Src/stm32g4xx_hal_tim_ex.o
START GROUP
LOAD C:/ST/STM32CubeIDE_1.16.1/STM32CubeIDE/plugins/com.st.stm32cube.ide.mcu.externaltools.gnu-tools-for-stm32.12.3.rel1.win32_1.0.200.202406191623/tools/bin/../lib/gcc/arm-none-eabi/12.3.1/../../../../arm-none-eabi/lib/thumb/v7e-m+fp/hard\libc_nano.a
LOAD C:/ST/STM32CubeIDE_1.16.1/STM32CubeIDE/plugins/com.st.stm32cube.ide.mcu.externaltools.gnu-tools-for-stm32.12.3.rel1.win32_1.0.200.202406191623/tools/bin/../lib/gcc/arm-none-eabi/12.3.1/../../../../arm-none-eabi/lib/thumb/v7e-m+fp/hard\libm.a
END GROUP
START GROUP
LOAD C:/ST/STM32CubeIDE_1.16.1/STM32CubeIDE/plugins/com.st.stm32cube.ide.mcu.externaltools.gnu-tools-for-stm32.12.3.rel1.win32_1.0.200.202406191623/tools/bin/../lib/gcc/arm-none-eabi/12.3.1/thumb/v7e-m+fp/hard\libgcc.a
LOAD C:/ST/STM32CubeIDE_1.16.1/STM32CubeIDE/plugins/com.st.stm32cube.ide.mcu.externaltools.gnu-tools-for-stm32.12.3.rel1.win32_1.0.200.202406191623/tools/bin/../lib/gcc/arm-none-eabi/12.3.1/../../../../arm-none-eabi/lib/thumb/v7e-m+fp/hard\libc_nano.a
END GROUP
START GROUP
LOAD C:/ST/STM32CubeIDE_1.16.1/STM32CubeIDE/plugins/com.st.stm32cube.ide.mcu.externaltools.gnu-tools-for-stm32.12.3.rel1.win32_1.0.200.202406191623/tools/bin/../lib/gcc/arm-none-eabi/12.3.1/thumb/v7e-m+fp/hard\libgcc.a
LOAD C:/ST/STM32CubeIDE_1.16.1/STM32CubeIDE/plugins/com.st.stm32cube.ide.mcu.externaltools.gnu-tools-for-stm32.12.3.rel1.win32_1.0.200.202406191623/tools/bin/../lib/gcc/arm-none-eabi/12.3.1/../../../../arm-none-eabi/lib/thumb/v7e-m+fp/hard\libc_nano.a
LOAD C:/ST/STM32CubeIDE_1.16.1/STM32CubeIDE/plugins/com.st.stm32cube.ide.mcu.externaltools.gnu-tools-for-stm32.12.3.rel1.win32_1.0.200.202406191623/tools/bin/../lib/gcc/arm-none-eabi/12.3.1/../../../../arm-none-eabi/lib/thumb/v7e-m+fp/hard\libnosys.a
END GROUP
START GROUP
LOAD C:/ST/STM32CubeIDE_1.16.1/STM32CubeIDE/plugins/com.st.stm32cube.ide.mcu.externaltools.gnu-tools-for-stm32.12.3.rel1.win32_1.0.200.202406191623/tools/bin/../lib/gcc/arm-none-eabi/12.3.1/thumb/v7e-m+fp/hard\libgcc.a
LOAD C:/ST/STM32CubeIDE_1.16.1/STM32CubeIDE/plugins/com.st.stm32cube.ide.mcu.externaltools.gnu-tools-for-stm32.12.3.rel1.win32_1.0.200.202406191623/tools/bin/../lib/gcc/arm-none-eabi/12.3.1/../../../../arm-none-eabi/lib/thumb/v7e-m+fp/hard\libc_nano.a
LOAD C:/ST/STM32CubeIDE_1.16.1/STM32CubeIDE/plugins/com.st.stm32cube.ide.mcu.externaltools.gnu-tools-for-stm32.12.3.rel1.win32_1.0.200.202406191623/tools/bin/../lib/gcc/arm-none-eabi/12.3.1/../../../../arm-none-eabi/lib/thumb/v7e-m+fp/hard\libnosys.a
END GROUP
LOAD C:/ST/STM32CubeIDE_1.16.1/STM32CubeIDE/plugins/com.st.stm32cube.ide.mcu.externaltools.gnu-tools-for-stm32.12.3.rel1.win32_1.0.200.202406191623/tools/bin/../lib/gcc/arm-none-eabi/12.3.1/thumb/v7e-m+fp/hard/crtend.o
LOAD C:/ST/STM32CubeIDE_1.16.1/STM32CubeIDE/plugins/com.st.stm32cube.ide.mcu.externaltools.gnu-tools-for-stm32.12.3.rel1.win32_1.0.200.202406191623/tools/bin/../lib/gcc/arm-none-eabi/12.3.1/thumb/v7e-m+fp/hard/crtn.o
                0x2001c000                        _estack = (ORIGIN (RAM) + LENGTH (RAM))
                0x00000200                        _Min_Heap_Size = 0x200
                0x00000400                        _Min_Stack_Size = 0x400

.isr_vector     0x08000000      0x1d8
                0x08000000                        . = ALIGN (0x4)
 *(.isr_vector)
 .isr_vector    0x08000000      0x1d8 ./Core/Startup/startup_stm32g491retx.o
                0x08000000                g_pfnVectors
                0x080001d8                        . = ALIGN (0x4)

.text           0x080001d8     0x2834
                0x080001d8                        . = ALIGN (0x4)
 *(.text)
 .text          0x080001d8       0x40 C:/ST/STM32CubeIDE_1.16.1/STM32CubeIDE/plugins/com.st.stm32cube.ide.mcu.externaltools.gnu-tools-for-stm32.12.3.rel1.win32_1.0.200.202406191623/tools/bin/../lib/gcc/arm-none-eabi/12.3.1/thumb/v7e-m+fp/hard/crtbegin.o
 *(.text*)
 .text.main     0x08000218       0x7c ./Core/Src/main.o
                0x08000218                main
 .text.SystemClock_Config
                0x08000294       0x98 ./Core/Src/main.o
                0x08000294                SystemClock_Config
 .text.MX_SPI1_Init
                0x0800032c       0x7c ./Core/Src/main.o
 .text.MX_SPI2_Init
                0x080003a8       0x74 ./Core/Src/main.o
 .text.MX_GPIO_Init
                0x0800041c       0x60 ./Core/Src/main.o
 .text.HAL_SPI_RxCpltCallback
                0x0800047c       0x2c ./Core/Src/main.o
                0x0800047c                HAL_SPI_RxCpltCallback
 .text.Error_Handler
                0x080004a8        0xc ./Core/Src/main.o
                0x080004a8                Error_Handler
 .text.HAL_MspInit
                0x080004b4       0x48 ./Core/Src/stm32g4xx_hal_msp.o
                0x080004b4                HAL_MspInit
 .text.HAL_SPI_MspInit
                0x080004fc      0x148 ./Core/Src/stm32g4xx_hal_msp.o
                0x080004fc                HAL_SPI_MspInit
 .text.NMI_Handler
                0x08000644        0x8 ./Core/Src/stm32g4xx_it.o
                0x08000644                NMI_Handler
 .text.HardFault_Handler
                0x0800064c        0x8 ./Core/Src/stm32g4xx_it.o
                0x0800064c                HardFault_Handler
 .text.MemManage_Handler
                0x08000654        0x8 ./Core/Src/stm32g4xx_it.o
                0x08000654                MemManage_Handler
 .text.BusFault_Handler
                0x0800065c        0x8 ./Core/Src/stm32g4xx_it.o
                0x0800065c                BusFault_Handler
 .text.UsageFault_Handler
                0x08000664        0x8 ./Core/Src/stm32g4xx_it.o
                0x08000664                UsageFault_Handler
 .text.SVC_Handler
                0x0800066c        0xe ./Core/Src/stm32g4xx_it.o
                0x0800066c                SVC_Handler
 .text.DebugMon_Handler
                0x0800067a        0xe ./Core/Src/stm32g4xx_it.o
                0x0800067a                DebugMon_Handler
 .text.PendSV_Handler
                0x08000688        0xe ./Core/Src/stm32g4xx_it.o
                0x08000688                PendSV_Handler
 .text.SysTick_Handler
                0x08000696        0xc ./Core/Src/stm32g4xx_it.o
                0x08000696                SysTick_Handler
 *fill*         0x080006a2        0x2 
 .text.SPI1_IRQHandler
                0x080006a4       0x14 ./Core/Src/stm32g4xx_it.o
                0x080006a4                SPI1_IRQHandler
 .text.SPI2_IRQHandler
                0x080006b8       0x14 ./Core/Src/stm32g4xx_it.o
                0x080006b8                SPI2_IRQHandler
 .text.SystemInit
                0x080006cc       0x24 ./Core/Src/system_stm32g4xx.o
                0x080006cc                SystemInit
 .text.Reset_Handler
                0x080006f0       0x50 ./Core/Startup/startup_stm32g491retx.o
                0x080006f0                Reset_Handler
 .text.Default_Handler
                0x08000740        0x2 ./Core/Startup/startup_stm32g491retx.o
                0x08000740                RTC_Alarm_IRQHandler
                0x08000740                EXTI2_IRQHandler
                0x08000740                TIM8_TRG_COM_IRQHandler
                0x08000740                TIM8_CC_IRQHandler
                0x08000740                TIM1_CC_IRQHandler
                0x08000740                USB_HP_IRQHandler
                0x08000740                CORDIC_IRQHandler
                0x08000740                DMA2_Channel8_IRQHandler
                0x08000740                EXTI3_IRQHandler
                0x08000740                I2C3_ER_IRQHandler
                0x08000740                EXTI0_IRQHandler
                0x08000740                I2C2_EV_IRQHandler
                0x08000740                FPU_IRQHandler
                0x08000740                FDCAN1_IT1_IRQHandler
                0x08000740                TIM1_UP_TIM16_IRQHandler
                0x08000740                ADC1_2_IRQHandler
                0x08000740                TIM6_DAC_IRQHandler
                0x08000740                TIM8_UP_IRQHandler
                0x08000740                DMA2_Channel2_IRQHandler
                0x08000740                DMA1_Channel4_IRQHandler
                0x08000740                TIM20_TRG_COM_IRQHandler
                0x08000740                USART3_IRQHandler
                0x08000740                DMA1_Channel7_IRQHandler
                0x08000740                UART5_IRQHandler
                0x08000740                ADC3_IRQHandler
                0x08000740                TIM4_IRQHandler
                0x08000740                DMA2_Channel1_IRQHandler
                0x08000740                QUADSPI_IRQHandler
                0x08000740                I2C1_EV_IRQHandler
                0x08000740                DMA1_Channel6_IRQHandler
                0x08000740                UART4_IRQHandler
                0x08000740                DMA2_Channel4_IRQHandler
                0x08000740                TIM3_IRQHandler
                0x08000740                RCC_IRQHandler
                0x08000740                TIM20_UP_IRQHandler
                0x08000740                DMA1_Channel1_IRQHandler
                0x08000740                Default_Handler
                0x08000740                DMA2_Channel7_IRQHandler
                0x08000740                RTC_TAMP_LSECSS_IRQHandler
                0x08000740                FMAC_IRQHandler
                0x08000740                EXTI15_10_IRQHandler
                0x08000740                DMA1_Channel8_IRQHandler
                0x08000740                TIM7_IRQHandler
                0x08000740                UCPD1_IRQHandler
                0x08000740                I2C3_EV_IRQHandler
                0x08000740                EXTI9_5_IRQHandler
                0x08000740                RTC_WKUP_IRQHandler
                0x08000740                PVD_PVM_IRQHandler
                0x08000740                DMA2_Channel5_IRQHandler
                0x08000740                CRS_IRQHandler
                0x08000740                DMA1_Channel5_IRQHandler
                0x08000740                USB_LP_IRQHandler
                0x08000740                EXTI4_IRQHandler
                0x08000740                RNG_IRQHandler
                0x08000740                TIM1_TRG_COM_TIM17_IRQHandler
                0x08000740                FDCAN2_IT1_IRQHandler
                0x08000740                DMA1_Channel3_IRQHandler
                0x08000740                WWDG_IRQHandler
                0x08000740                FDCAN2_IT0_IRQHandler
                0x08000740                LPUART1_IRQHandler
                0x08000740                DMA2_Channel6_IRQHandler
                0x08000740                FDCAN1_IT0_IRQHandler
                0x08000740                TIM2_IRQHandler
                0x08000740                COMP1_2_3_IRQHandler
                0x08000740                EXTI1_IRQHandler
                0x08000740                USART2_IRQHandler
                0x08000740                TIM20_BRK_IRQHandler
                0x08000740                I2C2_ER_IRQHandler
                0x08000740                DMA1_Channel2_IRQHandler
                0x08000740                TIM8_BRK_IRQHandler
                0x08000740                FLASH_IRQHandler
                0x08000740                TIM20_CC_IRQHandler
                0x08000740                USART1_IRQHandler
                0x08000740                SPI3_IRQHandler
                0x08000740                I2C1_ER_IRQHandler
                0x08000740                LPTIM1_IRQHandler
                0x08000740                DMAMUX_OVR_IRQHandler
                0x08000740                USBWakeUp_IRQHandler
                0x08000740                SAI1_IRQHandler
                0x08000740                DMA2_Channel3_IRQHandler
                0x08000740                COMP4_IRQHandler
                0x08000740                TIM1_BRK_TIM15_IRQHandler
 .text.HAL_Init
                0x08000742       0x30 ./Drivers/STM32G4xx_HAL_Driver/Src/stm32g4xx_hal.o
                0x08000742                HAL_Init
 *fill*         0x08000772        0x2 
 .text.HAL_InitTick
                0x08000774       0x74 ./Drivers/STM32G4xx_HAL_Driver/Src/stm32g4xx_hal.o
                0x08000774                HAL_InitTick
 .text.HAL_IncTick
                0x080007e8       0x24 ./Drivers/STM32G4xx_HAL_Driver/Src/stm32g4xx_hal.o
                0x080007e8                HAL_IncTick
 .text.HAL_GetTick
                0x0800080c       0x18 ./Drivers/STM32G4xx_HAL_Driver/Src/stm32g4xx_hal.o
                0x0800080c                HAL_GetTick
 .text.__NVIC_SetPriorityGrouping
                0x08000824       0x48 ./Drivers/STM32G4xx_HAL_Driver/Src/stm32g4xx_hal_cortex.o
 .text.__NVIC_GetPriorityGrouping
                0x0800086c       0x1c ./Drivers/STM32G4xx_HAL_Driver/Src/stm32g4xx_hal_cortex.o
 .text.__NVIC_EnableIRQ
                0x08000888       0x3c ./Drivers/STM32G4xx_HAL_Driver/Src/stm32g4xx_hal_cortex.o
 .text.__NVIC_SetPriority
                0x080008c4       0x54 ./Drivers/STM32G4xx_HAL_Driver/Src/stm32g4xx_hal_cortex.o
 .text.NVIC_EncodePriority
                0x08000918       0x66 ./Drivers/STM32G4xx_HAL_Driver/Src/stm32g4xx_hal_cortex.o
 *fill*         0x0800097e        0x2 
 .text.SysTick_Config
                0x08000980       0x44 ./Drivers/STM32G4xx_HAL_Driver/Src/stm32g4xx_hal_cortex.o
 .text.HAL_NVIC_SetPriorityGrouping
                0x080009c4       0x16 ./Drivers/STM32G4xx_HAL_Driver/Src/stm32g4xx_hal_cortex.o
                0x080009c4                HAL_NVIC_SetPriorityGrouping
 .text.HAL_NVIC_SetPriority
                0x080009da       0x34 ./Drivers/STM32G4xx_HAL_Driver/Src/stm32g4xx_hal_cortex.o
                0x080009da                HAL_NVIC_SetPriority
 .text.HAL_NVIC_EnableIRQ
                0x08000a0e       0x1c ./Drivers/STM32G4xx_HAL_Driver/Src/stm32g4xx_hal_cortex.o
                0x08000a0e                HAL_NVIC_EnableIRQ
 .text.HAL_SYSTICK_Config
                0x08000a2a       0x18 ./Drivers/STM32G4xx_HAL_Driver/Src/stm32g4xx_hal_cortex.o
                0x08000a2a                HAL_SYSTICK_Config
 .text.HAL_DMA_Abort_IT
                0x08000a42       0xce ./Drivers/STM32G4xx_HAL_Driver/Src/stm32g4xx_hal_dma.o
                0x08000a42                HAL_DMA_Abort_IT
 .text.HAL_GPIO_Init
                0x08000b10      0x304 ./Drivers/STM32G4xx_HAL_Driver/Src/stm32g4xx_hal_gpio.o
                0x08000b10                HAL_GPIO_Init
 .text.HAL_PWREx_ControlVoltageScaling
                0x08000e14      0x148 ./Drivers/STM32G4xx_HAL_Driver/Src/stm32g4xx_hal_pwr_ex.o
                0x08000e14                HAL_PWREx_ControlVoltageScaling
 .text.HAL_PWREx_DisableUCPDDeadBattery
                0x08000f5c       0x20 ./Drivers/STM32G4xx_HAL_Driver/Src/stm32g4xx_hal_pwr_ex.o
                0x08000f5c                HAL_PWREx_DisableUCPDDeadBattery
 .text.HAL_RCC_OscConfig
                0x08000f7c      0x624 ./Drivers/STM32G4xx_HAL_Driver/Src/stm32g4xx_hal_rcc.o
                0x08000f7c                HAL_RCC_OscConfig
 .text.HAL_RCC_ClockConfig
                0x080015a0      0x278 ./Drivers/STM32G4xx_HAL_Driver/Src/stm32g4xx_hal_rcc.o
                0x080015a0                HAL_RCC_ClockConfig
 .text.HAL_RCC_GetSysClockFreq
                0x08001818       0xc4 ./Drivers/STM32G4xx_HAL_Driver/Src/stm32g4xx_hal_rcc.o
                0x08001818                HAL_RCC_GetSysClockFreq
 .text.RCC_GetSysClockFreqFromPLLSource
                0x080018dc       0x8c ./Drivers/STM32G4xx_HAL_Driver/Src/stm32g4xx_hal_rcc.o
 .text.HAL_SPI_Init
                0x08001968      0x156 ./Drivers/STM32G4xx_HAL_Driver/Src/stm32g4xx_hal_spi.o
                0x08001968                HAL_SPI_Init
 .text.HAL_SPI_Transmit
                0x08001abe      0x2ec ./Drivers/STM32G4xx_HAL_Driver/Src/stm32g4xx_hal_spi.o
                0x08001abe                HAL_SPI_Transmit
 *fill*         0x08001daa        0x2 
 .text.HAL_SPI_Receive_IT
                0x08001dac      0x154 ./Drivers/STM32G4xx_HAL_Driver/Src/stm32g4xx_hal_spi.o
                0x08001dac                HAL_SPI_Receive_IT
 .text.HAL_SPI_TransmitReceive_IT
                0x08001f00      0x154 ./Drivers/STM32G4xx_HAL_Driver/Src/stm32g4xx_hal_spi.o
                0x08001f00                HAL_SPI_TransmitReceive_IT
 .text.HAL_SPI_IRQHandler
                0x08002054      0x1e8 ./Drivers/STM32G4xx_HAL_Driver/Src/stm32g4xx_hal_spi.o
                0x08002054                HAL_SPI_IRQHandler
 .text.HAL_SPI_TxRxCpltCallback
                0x0800223c       0x14 ./Drivers/STM32G4xx_HAL_Driver/Src/stm32g4xx_hal_spi.o
                0x0800223c                HAL_SPI_TxRxCpltCallback
 .text.HAL_SPI_ErrorCallback
                0x08002250       0x14 ./Drivers/STM32G4xx_HAL_Driver/Src/stm32g4xx_hal_spi.o
                0x08002250                HAL_SPI_ErrorCallback
 .text.SPI_DMAAbortOnError
                0x08002264       0x2a ./Drivers/STM32G4xx_HAL_Driver/Src/stm32g4xx_hal_spi.o
 .text.SPI_2linesRxISR_8BIT
                0x0800228e       0xbe ./Drivers/STM32G4xx_HAL_Driver/Src/stm32g4xx_hal_spi.o
 .text.SPI_2linesTxISR_8BIT
                0x0800234c       0x92 ./Drivers/STM32G4xx_HAL_Driver/Src/stm32g4xx_hal_spi.o
 .text.SPI_2linesRxISR_16BIT
                0x080023de       0x66 ./Drivers/STM32G4xx_HAL_Driver/Src/stm32g4xx_hal_spi.o
 .text.SPI_2linesTxISR_16BIT
                0x08002444       0x60 ./Drivers/STM32G4xx_HAL_Driver/Src/stm32g4xx_hal_spi.o
 .text.SPI_RxISR_8BIT
                0x080024a4       0x50 ./Drivers/STM32G4xx_HAL_Driver/Src/stm32g4xx_hal_spi.o
 .text.SPI_RxISR_16BIT
                0x080024f4       0x4c ./Drivers/STM32G4xx_HAL_Driver/Src/stm32g4xx_hal_spi.o
 .text.SPI_WaitFlagStateUntilTimeout
                0x08002540      0x110 ./Drivers/STM32G4xx_HAL_Driver/Src/stm32g4xx_hal_spi.o
 .text.SPI_WaitFifoStateUntilTimeout
                0x08002650      0x12c ./Drivers/STM32G4xx_HAL_Driver/Src/stm32g4xx_hal_spi.o
 .text.SPI_EndRxTransaction
                0x0800277c       0xb0 ./Drivers/STM32G4xx_HAL_Driver/Src/stm32g4xx_hal_spi.o
 .text.SPI_EndRxTxTransaction
                0x0800282c       0x8c ./Drivers/STM32G4xx_HAL_Driver/Src/stm32g4xx_hal_spi.o
 .text.SPI_CloseRxTx_ISR
                0x080028b8       0x84 ./Drivers/STM32G4xx_HAL_Driver/Src/stm32g4xx_hal_spi.o
 .text.SPI_CloseRx_ISR
                0x0800293c       0x60 ./Drivers/STM32G4xx_HAL_Driver/Src/stm32g4xx_hal_spi.o
 .text.memset   0x0800299c       0x10 C:/ST/STM32CubeIDE_1.16.1/STM32CubeIDE/plugins/com.st.stm32cube.ide.mcu.externaltools.gnu-tools-for-stm32.12.3.rel1.win32_1.0.200.202406191623/tools/bin/../lib/gcc/arm-none-eabi/12.3.1/../../../../arm-none-eabi/lib/thumb/v7e-m+fp/hard\libc_nano.a(libc_a-memset.o)
                0x0800299c                memset
 .text.__libc_init_array
                0x080029ac       0x48 C:/ST/STM32CubeIDE_1.16.1/STM32CubeIDE/plugins/com.st.stm32cube.ide.mcu.externaltools.gnu-tools-for-stm32.12.3.rel1.win32_1.0.200.202406191623/tools/bin/../lib/gcc/arm-none-eabi/12.3.1/../../../../arm-none-eabi/lib/thumb/v7e-m+fp/hard\libc_nano.a(libc_a-init.o)
                0x080029ac                __libc_init_array
 *(.glue_7)
 .glue_7        0x080029f4        0x0 linker stubs
 *(.glue_7t)
 .glue_7t       0x080029f4        0x0 linker stubs
 *(.eh_frame)
 .eh_frame      0x080029f4        0x0 C:/ST/STM32CubeIDE_1.16.1/STM32CubeIDE/plugins/com.st.stm32cube.ide.mcu.externaltools.gnu-tools-for-stm32.12.3.rel1.win32_1.0.200.202406191623/tools/bin/../lib/gcc/arm-none-eabi/12.3.1/thumb/v7e-m+fp/hard/crtbegin.o
 *(.init)
 .init          0x080029f4        0x4 C:/ST/STM32CubeIDE_1.16.1/STM32CubeIDE/plugins/com.st.stm32cube.ide.mcu.externaltools.gnu-tools-for-stm32.12.3.rel1.win32_1.0.200.202406191623/tools/bin/../lib/gcc/arm-none-eabi/12.3.1/thumb/v7e-m+fp/hard/crti.o
                0x080029f4                _init
 .init          0x080029f8        0x8 C:/ST/STM32CubeIDE_1.16.1/STM32CubeIDE/plugins/com.st.stm32cube.ide.mcu.externaltools.gnu-tools-for-stm32.12.3.rel1.win32_1.0.200.202406191623/tools/bin/../lib/gcc/arm-none-eabi/12.3.1/thumb/v7e-m+fp/hard/crtn.o
 *(.fini)
 .fini          0x08002a00        0x4 C:/ST/STM32CubeIDE_1.16.1/STM32CubeIDE/plugins/com.st.stm32cube.ide.mcu.externaltools.gnu-tools-for-stm32.12.3.rel1.win32_1.0.200.202406191623/tools/bin/../lib/gcc/arm-none-eabi/12.3.1/thumb/v7e-m+fp/hard/crti.o
                0x08002a00                _fini
 .fini          0x08002a04        0x8 C:/ST/STM32CubeIDE_1.16.1/STM32CubeIDE/plugins/com.st.stm32cube.ide.mcu.externaltools.gnu-tools-for-stm32.12.3.rel1.win32_1.0.200.202406191623/tools/bin/../lib/gcc/arm-none-eabi/12.3.1/thumb/v7e-m+fp/hard/crtn.o
                0x08002a0c                        . = ALIGN (0x4)
                0x08002a0c                        _etext = .

.vfp11_veneer   0x08002a0c        0x0
 .vfp11_veneer  0x08002a0c        0x0 linker stubs

.v4_bx          0x08002a0c        0x0
 .v4_bx         0x08002a0c        0x0 linker stubs

.iplt           0x08002a0c        0x0
 .iplt          0x08002a0c        0x0 C:/ST/STM32CubeIDE_1.16.1/STM32CubeIDE/plugins/com.st.stm32cube.ide.mcu.externaltools.gnu-tools-for-stm32.12.3.rel1.win32_1.0.200.202406191623/tools/bin/../lib/gcc/arm-none-eabi/12.3.1/thumb/v7e-m+fp/hard/crtbegin.o

.rodata         0x08002a0c       0x24
                0x08002a0c                        . = ALIGN (0x4)
 *(.rodata)
 *(.rodata*)
 .rodata.spi1TxBuf
                0x08002a0c       0x11 ./Core/Src/main.o
                0x08002a0c                spi1TxBuf
 *fill*         0x08002a1d        0x3 
 .rodata.AHBPrescTable
                0x08002a20       0x10 ./Core/Src/system_stm32g4xx.o
                0x08002a20                AHBPrescTable
                0x08002a30                        . = ALIGN (0x4)

.ARM.extab      0x08002a30        0x0
                0x08002a30                        . = ALIGN (0x4)
 *(.ARM.extab* .gnu.linkonce.armextab.*)
                0x08002a30                        . = ALIGN (0x4)

.ARM            0x08002a30        0x0
                0x08002a30                        . = ALIGN (0x4)
                0x08002a30                        __exidx_start = .
 *(.ARM.exidx*)
                0x08002a30                        __exidx_end = .
                0x08002a30                        . = ALIGN (0x4)

.preinit_array  0x08002a30        0x0
                0x08002a30                        . = ALIGN (0x4)
                0x08002a30                        PROVIDE (__preinit_array_start = .)
 *(.preinit_array*)
                0x08002a30                        PROVIDE (__preinit_array_end = .)
                0x08002a30                        . = ALIGN (0x4)

.init_array     0x08002a30        0x4
                0x08002a30                        . = ALIGN (0x4)
                0x08002a30                        PROVIDE (__init_array_start = .)
 *(SORT_BY_NAME(.init_array.*))
 *(.init_array*)
 .init_array    0x08002a30        0x4 C:/ST/STM32CubeIDE_1.16.1/STM32CubeIDE/plugins/com.st.stm32cube.ide.mcu.externaltools.gnu-tools-for-stm32.12.3.rel1.win32_1.0.200.202406191623/tools/bin/../lib/gcc/arm-none-eabi/12.3.1/thumb/v7e-m+fp/hard/crtbegin.o
                0x08002a34                        PROVIDE (__init_array_end = .)
                0x08002a34                        . = ALIGN (0x4)

.fini_array     0x08002a34        0x4
                0x08002a34                        . = ALIGN (0x4)
                [!provide]                        PROVIDE (__fini_array_start = .)
 *(SORT_BY_NAME(.fini_array.*))
 *(.fini_array*)
 .fini_array    0x08002a34        0x4 C:/ST/STM32CubeIDE_1.16.1/STM32CubeIDE/plugins/com.st.stm32cube.ide.mcu.externaltools.gnu-tools-for-stm32.12.3.rel1.win32_1.0.200.202406191623/tools/bin/../lib/gcc/arm-none-eabi/12.3.1/thumb/v7e-m+fp/hard/crtbegin.o
                [!provide]                        PROVIDE (__fini_array_end = .)
                0x08002a38                        . = ALIGN (0x4)
                0x08002a38                        _sidata = LOADADDR (.data)

.rel.dyn        0x08002a38        0x0
 .rel.iplt      0x08002a38        0x0 C:/ST/STM32CubeIDE_1.16.1/STM32CubeIDE/plugins/com.st.stm32cube.ide.mcu.externaltools.gnu-tools-for-stm32.12.3.rel1.win32_1.0.200.202406191623/tools/bin/../lib/gcc/arm-none-eabi/12.3.1/thumb/v7e-m+fp/hard/crtbegin.o

.data           0x20000000        0xc load address 0x08002a38
                0x20000000                        . = ALIGN (0x4)
                0x20000000                        _sdata = .
 *(.data)
 *(.data*)
 .data.SystemCoreClock
                0x20000000        0x4 ./Core/Src/system_stm32g4xx.o
                0x20000000                SystemCoreClock
 .data.uwTickPrio
                0x20000004        0x4 ./Drivers/STM32G4xx_HAL_Driver/Src/stm32g4xx_hal.o
                0x20000004                uwTickPrio
 .data.uwTickFreq
                0x20000008        0x4 ./Drivers/STM32G4xx_HAL_Driver/Src/stm32g4xx_hal.o
                0x20000008                uwTickFreq
 *(.RamFunc)
 *(.RamFunc*)
                0x2000000c                        . = ALIGN (0x4)
                0x2000000c                        _edata = .

.igot.plt       0x2000000c        0x0 load address 0x08002a44
 .igot.plt      0x2000000c        0x0 C:/ST/STM32CubeIDE_1.16.1/STM32CubeIDE/plugins/com.st.stm32cube.ide.mcu.externaltools.gnu-tools-for-stm32.12.3.rel1.win32_1.0.200.202406191623/tools/bin/../lib/gcc/arm-none-eabi/12.3.1/thumb/v7e-m+fp/hard/crtbegin.o
                0x2000000c                        . = ALIGN (0x4)

.bss            0x2000000c       0xfc load address 0x08002a44
                0x2000000c                        _sbss = .
                0x2000000c                        __bss_start__ = _sbss
 *(.bss)
 .bss           0x2000000c       0x1c C:/ST/STM32CubeIDE_1.16.1/STM32CubeIDE/plugins/com.st.stm32cube.ide.mcu.externaltools.gnu-tools-for-stm32.12.3.rel1.win32_1.0.200.202406191623/tools/bin/../lib/gcc/arm-none-eabi/12.3.1/thumb/v7e-m+fp/hard/crtbegin.o
 *(.bss*)
 .bss.hspi1     0x20000028       0x64 ./Core/Src/main.o
                0x20000028                hspi1
 .bss.hspi2     0x2000008c       0x64 ./Core/Src/main.o
                0x2000008c                hspi2
 .bss.spi2RxBuf
                0x200000f0       0x11 ./Core/Src/main.o
                0x200000f0                spi2RxBuf
 .bss.RxDone    0x20000101        0x1 ./Core/Src/main.o
                0x20000101                RxDone
 .bss.checkRx   0x20000102        0x1 ./Core/Src/main.o
                0x20000102                checkRx
 .bss.checkTx   0x20000103        0x1 ./Core/Src/main.o
                0x20000103                checkTx
 .bss.uwTick    0x20000104        0x4 ./Drivers/STM32G4xx_HAL_Driver/Src/stm32g4xx_hal.o
                0x20000104                uwTick
 *(COMMON)
                0x20000108                        . = ALIGN (0x4)
                0x20000108                        _ebss = .
                0x20000108                        __bss_end__ = _ebss

._user_heap_stack
                0x20000108      0x600 load address 0x08002a44
                0x20000108                        . = ALIGN (0x8)
                [!provide]                        PROVIDE (end = .)
                0x20000108                        PROVIDE (_end = .)
                0x20000308                        . = (. + _Min_Heap_Size)
 *fill*         0x20000108      0x200 
                0x20000708                        . = (. + _Min_Stack_Size)
 *fill*         0x20000308      0x400 
                0x20000708                        . = ALIGN (0x8)

/DISCARD/
 libc.a(*)
 libm.a(*)
 libgcc.a(*)

.ARM.attributes
                0x00000000       0x30
 *(.ARM.attributes)
 .ARM.attributes
                0x00000000       0x22 C:/ST/STM32CubeIDE_1.16.1/STM32CubeIDE/plugins/com.st.stm32cube.ide.mcu.externaltools.gnu-tools-for-stm32.12.3.rel1.win32_1.0.200.202406191623/tools/bin/../lib/gcc/arm-none-eabi/12.3.1/thumb/v7e-m+fp/hard/crti.o
 .ARM.attributes
                0x00000022       0x34 C:/ST/STM32CubeIDE_1.16.1/STM32CubeIDE/plugins/com.st.stm32cube.ide.mcu.externaltools.gnu-tools-for-stm32.12.3.rel1.win32_1.0.200.202406191623/tools/bin/../lib/gcc/arm-none-eabi/12.3.1/thumb/v7e-m+fp/hard/crtbegin.o
 .ARM.attributes
                0x00000056       0x34 ./Core/Src/main.o
 .ARM.attributes
                0x0000008a       0x34 ./Core/Src/stm32g4xx_hal_msp.o
 .ARM.attributes
                0x000000be       0x34 ./Core/Src/stm32g4xx_it.o
 .ARM.attributes
                0x000000f2       0x34 ./Core/Src/system_stm32g4xx.o
 .ARM.attributes
                0x00000126       0x21 ./Core/Startup/startup_stm32g491retx.o
 .ARM.attributes
                0x00000147       0x34 ./Drivers/STM32G4xx_HAL_Driver/Src/stm32g4xx_hal.o
 .ARM.attributes
                0x0000017b       0x34 ./Drivers/STM32G4xx_HAL_Driver/Src/stm32g4xx_hal_cortex.o
 .ARM.attributes
                0x000001af       0x34 ./Drivers/STM32G4xx_HAL_Driver/Src/stm32g4xx_hal_dma.o
 .ARM.attributes
                0x000001e3       0x34 ./Drivers/STM32G4xx_HAL_Driver/Src/stm32g4xx_hal_gpio.o
 .ARM.attributes
                0x00000217       0x34 ./Drivers/STM32G4xx_HAL_Driver/Src/stm32g4xx_hal_pwr_ex.o
 .ARM.attributes
                0x0000024b       0x34 ./Drivers/STM32G4xx_HAL_Driver/Src/stm32g4xx_hal_rcc.o
 .ARM.attributes
                0x0000027f       0x34 ./Drivers/STM32G4xx_HAL_Driver/Src/stm32g4xx_hal_spi.o
 .ARM.attributes
                0x000002b3       0x34 C:/ST/STM32CubeIDE_1.16.1/STM32CubeIDE/plugins/com.st.stm32cube.ide.mcu.externaltools.gnu-tools-for-stm32.12.3.rel1.win32_1.0.200.202406191623/tools/bin/../lib/gcc/arm-none-eabi/12.3.1/../../../../arm-none-eabi/lib/thumb/v7e-m+fp/hard\libc_nano.a(libc_a-memset.o)
 .ARM.attributes
                0x000002e7       0x34 C:/ST/STM32CubeIDE_1.16.1/STM32CubeIDE/plugins/com.st.stm32cube.ide.mcu.externaltools.gnu-tools-for-stm32.12.3.rel1.win32_1.0.200.202406191623/tools/bin/../lib/gcc/arm-none-eabi/12.3.1/../../../../arm-none-eabi/lib/thumb/v7e-m+fp/hard\libc_nano.a(libc_a-init.o)
 .ARM.attributes
                0x0000031b       0x22 C:/ST/STM32CubeIDE_1.16.1/STM32CubeIDE/plugins/com.st.stm32cube.ide.mcu.externaltools.gnu-tools-for-stm32.12.3.rel1.win32_1.0.200.202406191623/tools/bin/../lib/gcc/arm-none-eabi/12.3.1/thumb/v7e-m+fp/hard/crtn.o
OUTPUT(SPI.elf elf32-littlearm)
LOAD linker stubs
LOAD C:/ST/STM32CubeIDE_1.16.1/STM32CubeIDE/plugins/com.st.stm32cube.ide.mcu.externaltools.gnu-tools-for-stm32.12.3.rel1.win32_1.0.200.202406191623/tools/bin/../lib/gcc/arm-none-eabi/12.3.1/../../../../arm-none-eabi/lib/thumb/v7e-m+fp/hard\libc.a
LOAD C:/ST/STM32CubeIDE_1.16.1/STM32CubeIDE/plugins/com.st.stm32cube.ide.mcu.externaltools.gnu-tools-for-stm32.12.3.rel1.win32_1.0.200.202406191623/tools/bin/../lib/gcc/arm-none-eabi/12.3.1/../../../../arm-none-eabi/lib/thumb/v7e-m+fp/hard\libm.a
LOAD C:/ST/STM32CubeIDE_1.16.1/STM32CubeIDE/plugins/com.st.stm32cube.ide.mcu.externaltools.gnu-tools-for-stm32.12.3.rel1.win32_1.0.200.202406191623/tools/bin/../lib/gcc/arm-none-eabi/12.3.1/thumb/v7e-m+fp/hard\libgcc.a

.debug_info     0x00000000     0x7b77
 .debug_info    0x00000000      0xce0 ./Core/Src/main.o
 .debug_info    0x00000ce0      0xdaa ./Core/Src/stm32g4xx_hal_msp.o
 .debug_info    0x00001a8a      0x77f ./Core/Src/stm32g4xx_it.o
 .debug_info    0x00002209      0x58e ./Core/Src/system_stm32g4xx.o
 .debug_info    0x00002797       0x30 ./Core/Startup/startup_stm32g491retx.o
 .debug_info    0x000027c7      0xb29 ./Drivers/STM32G4xx_HAL_Driver/Src/stm32g4xx_hal.o
 .debug_info    0x000032f0      0xd8d ./Drivers/STM32G4xx_HAL_Driver/Src/stm32g4xx_hal_cortex.o
 .debug_info    0x0000407d      0x85f ./Drivers/STM32G4xx_HAL_Driver/Src/stm32g4xx_hal_dma.o
 .debug_info    0x000048dc      0x763 ./Drivers/STM32G4xx_HAL_Driver/Src/stm32g4xx_hal_gpio.o
 .debug_info    0x0000503f      0x93f ./Drivers/STM32G4xx_HAL_Driver/Src/stm32g4xx_hal_pwr_ex.o
 .debug_info    0x0000597e      0xb82 ./Drivers/STM32G4xx_HAL_Driver/Src/stm32g4xx_hal_rcc.o
 .debug_info    0x00006500     0x1677 ./Drivers/STM32G4xx_HAL_Driver/Src/stm32g4xx_hal_spi.o

.debug_abbrev   0x00000000     0x1782
 .debug_abbrev  0x00000000      0x26f ./Core/Src/main.o
 .debug_abbrev  0x0000026f      0x1c3 ./Core/Src/stm32g4xx_hal_msp.o
 .debug_abbrev  0x00000432      0x186 ./Core/Src/stm32g4xx_it.o
 .debug_abbrev  0x000005b8      0x11a ./Core/Src/system_stm32g4xx.o
 .debug_abbrev  0x000006d2       0x24 ./Core/Startup/startup_stm32g491retx.o
 .debug_abbrev  0x000006f6      0x271 ./Drivers/STM32G4xx_HAL_Driver/Src/stm32g4xx_hal.o
 .debug_abbrev  0x00000967      0x31c ./Drivers/STM32G4xx_HAL_Driver/Src/stm32g4xx_hal_cortex.o
 .debug_abbrev  0x00000c83      0x1e2 ./Drivers/STM32G4xx_HAL_Driver/Src/stm32g4xx_hal_dma.o
 .debug_abbrev  0x00000e65      0x1cb ./Drivers/STM32G4xx_HAL_Driver/Src/stm32g4xx_hal_gpio.o
 .debug_abbrev  0x00001030      0x22c ./Drivers/STM32G4xx_HAL_Driver/Src/stm32g4xx_hal_pwr_ex.o
 .debug_abbrev  0x0000125c      0x2c9 ./Drivers/STM32G4xx_HAL_Driver/Src/stm32g4xx_hal_rcc.o
 .debug_abbrev  0x00001525      0x25d ./Drivers/STM32G4xx_HAL_Driver/Src/stm32g4xx_hal_spi.o

.debug_aranges  0x00000000      0x848
 .debug_aranges
                0x00000000       0x50 ./Core/Src/main.o
 .debug_aranges
                0x00000050       0x30 ./Core/Src/stm32g4xx_hal_msp.o
 .debug_aranges
                0x00000080       0x70 ./Core/Src/stm32g4xx_it.o
 .debug_aranges
                0x000000f0       0x28 ./Core/Src/system_stm32g4xx.o
 .debug_aranges
                0x00000118       0x28 ./Core/Startup/startup_stm32g491retx.o
 .debug_aranges
                0x00000140      0x148 ./Drivers/STM32G4xx_HAL_Driver/Src/stm32g4xx_hal.o
 .debug_aranges
                0x00000288      0x128 ./Drivers/STM32G4xx_HAL_Driver/Src/stm32g4xx_hal_cortex.o
 .debug_aranges
                0x000003b0       0x90 ./Drivers/STM32G4xx_HAL_Driver/Src/stm32g4xx_hal_dma.o
 .debug_aranges
                0x00000440       0x58 ./Drivers/STM32G4xx_HAL_Driver/Src/stm32g4xx_hal_gpio.o
 .debug_aranges
                0x00000498      0x140 ./Drivers/STM32G4xx_HAL_Driver/Src/stm32g4xx_hal_pwr_ex.o
 .debug_aranges
                0x000005d8       0x98 ./Drivers/STM32G4xx_HAL_Driver/Src/stm32g4xx_hal_rcc.o
 .debug_aranges
                0x00000670      0x1d8 ./Drivers/STM32G4xx_HAL_Driver/Src/stm32g4xx_hal_spi.o

.debug_rnglists
                0x00000000      0x632
 .debug_rnglists
                0x00000000       0x38 ./Core/Src/main.o
 .debug_rnglists
                0x00000038       0x20 ./Core/Src/stm32g4xx_hal_msp.o
 .debug_rnglists
                0x00000058       0x4f ./Core/Src/stm32g4xx_it.o
 .debug_rnglists
                0x000000a7       0x1a ./Core/Src/system_stm32g4xx.o
 .debug_rnglists
                0x000000c1       0x19 ./Core/Startup/startup_stm32g491retx.o
 .debug_rnglists
                0x000000da       0xf1 ./Drivers/STM32G4xx_HAL_Driver/Src/stm32g4xx_hal.o
 .debug_rnglists
                0x000001cb       0xda ./Drivers/STM32G4xx_HAL_Driver/Src/stm32g4xx_hal_cortex.o
 .debug_rnglists
                0x000002a5       0x71 ./Drivers/STM32G4xx_HAL_Driver/Src/stm32g4xx_hal_dma.o
 .debug_rnglists
                0x00000316       0x3f ./Drivers/STM32G4xx_HAL_Driver/Src/stm32g4xx_hal_gpio.o
 .debug_rnglists
                0x00000355       0xf1 ./Drivers/STM32G4xx_HAL_Driver/Src/stm32g4xx_hal_pwr_ex.o
 .debug_rnglists
                0x00000446       0x74 ./Drivers/STM32G4xx_HAL_Driver/Src/stm32g4xx_hal_rcc.o
 .debug_rnglists
                0x000004ba      0x178 ./Drivers/STM32G4xx_HAL_Driver/Src/stm32g4xx_hal_spi.o

.debug_macro    0x00000000    0x1d070
 .debug_macro   0x00000000      0x299 ./Core/Src/main.o
 .debug_macro   0x00000299      0xab4 ./Core/Src/main.o
 .debug_macro   0x00000d4d      0x155 ./Core/Src/main.o
 .debug_macro   0x00000ea2       0x2e ./Core/Src/main.o
 .debug_macro   0x00000ed0       0x28 ./Core/Src/main.o
 .debug_macro   0x00000ef8       0x22 ./Core/Src/main.o
 .debug_macro   0x00000f1a       0x8e ./Core/Src/main.o
 .debug_macro   0x00000fa8       0x51 ./Core/Src/main.o
 .debug_macro   0x00000ff9      0x103 ./Core/Src/main.o
 .debug_macro   0x000010fc       0x6a ./Core/Src/main.o
 .debug_macro   0x00001166      0x1df ./Core/Src/main.o
 .debug_macro   0x00001345       0x1c ./Core/Src/main.o
 .debug_macro   0x00001361       0x22 ./Core/Src/main.o
 .debug_macro   0x00001383       0xfb ./Core/Src/main.o
 .debug_macro   0x0000147e     0x1011 ./Core/Src/main.o
 .debug_macro   0x0000248f      0x11f ./Core/Src/main.o
 .debug_macro   0x000025ae    0x11e7f ./Core/Src/main.o
 .debug_macro   0x0001442d       0x6d ./Core/Src/main.o
 .debug_macro   0x0001449a     0x3558 ./Core/Src/main.o
 .debug_macro   0x000179f2      0x189 ./Core/Src/main.o
 .debug_macro   0x00017b7b       0x5c ./Core/Src/main.o
 .debug_macro   0x00017bd7     0x1535 ./Core/Src/main.o
 .debug_macro   0x0001910c      0x5cf ./Core/Src/main.o
 .debug_macro   0x000196db      0x1b6 ./Core/Src/main.o
 .debug_macro   0x00019891      0x2d0 ./Core/Src/main.o
 .debug_macro   0x00019b61      0x4a2 ./Core/Src/main.o
 .debug_macro   0x0001a003      0x18b ./Core/Src/main.o
 .debug_macro   0x0001a18e       0x43 ./Core/Src/main.o
 .debug_macro   0x0001a1d1      0x23d ./Core/Src/main.o
 .debug_macro   0x0001a40e      0x211 ./Core/Src/main.o
 .debug_macro   0x0001a61f      0x416 ./Core/Src/main.o
 .debug_macro   0x0001aa35      0x10e ./Core/Src/main.o
 .debug_macro   0x0001ab43      0x122 ./Core/Src/main.o
 .debug_macro   0x0001ac65      0x3d1 ./Core/Src/main.o
 .debug_macro   0x0001b036      0x2fe ./Core/Src/main.o
 .debug_macro   0x0001b334      0x321 ./Core/Src/main.o
 .debug_macro   0x0001b655       0x61 ./Core/Src/main.o
 .debug_macro   0x0001b6b6       0x2a ./Core/Src/main.o
 .debug_macro   0x0001b6e0       0x43 ./Core/Src/main.o
 .debug_macro   0x0001b723       0x34 ./Core/Src/main.o
 .debug_macro   0x0001b757       0x16 ./Core/Src/main.o
 .debug_macro   0x0001b76d       0x43 ./Core/Src/main.o
 .debug_macro   0x0001b7b0       0x34 ./Core/Src/main.o
 .debug_macro   0x0001b7e4       0x10 ./Core/Src/main.o
 .debug_macro   0x0001b7f4       0x58 ./Core/Src/main.o
 .debug_macro   0x0001b84c       0x8e ./Core/Src/main.o
 .debug_macro   0x0001b8da       0x1c ./Core/Src/main.o
 .debug_macro   0x0001b8f6      0x177 ./Core/Src/main.o
 .debug_macro   0x0001ba6d      0x369 ./Core/Src/main.o
 .debug_macro   0x0001bdd6       0x10 ./Core/Src/main.o
 .debug_macro   0x0001bde6       0x35 ./Core/Src/main.o
 .debug_macro   0x0001be1b       0x20 ./Core/Src/main.o
 .debug_macro   0x0001be3b      0x1c5 ./Core/Src/stm32g4xx_hal_msp.o
 .debug_macro   0x0001c000      0x1cf ./Core/Src/stm32g4xx_it.o
 .debug_macro   0x0001c1cf      0x1bb ./Core/Src/system_stm32g4xx.o
 .debug_macro   0x0001c38a      0x209 ./Drivers/STM32G4xx_HAL_Driver/Src/stm32g4xx_hal.o
 .debug_macro   0x0001c593      0x1bb ./Drivers/STM32G4xx_HAL_Driver/Src/stm32g4xx_hal_cortex.o
 .debug_macro   0x0001c74e      0x1bb ./Drivers/STM32G4xx_HAL_Driver/Src/stm32g4xx_hal_dma.o
 .debug_macro   0x0001c909      0x1c2 ./Drivers/STM32G4xx_HAL_Driver/Src/stm32g4xx_hal_gpio.o
 .debug_macro   0x0001cacb      0x1e5 ./Drivers/STM32G4xx_HAL_Driver/Src/stm32g4xx_hal_pwr_ex.o
 .debug_macro   0x0001ccb0      0x1fd ./Drivers/STM32G4xx_HAL_Driver/Src/stm32g4xx_hal_rcc.o
 .debug_macro   0x0001cead      0x1c3 ./Drivers/STM32G4xx_HAL_Driver/Src/stm32g4xx_hal_spi.o

.debug_line     0x00000000     0x9056
 .debug_line    0x00000000      0x9f3 ./Core/Src/main.o
 .debug_line    0x000009f3      0x7cf ./Core/Src/stm32g4xx_hal_msp.o
 .debug_line    0x000011c2      0x829 ./Core/Src/stm32g4xx_it.o
 .debug_line    0x000019eb      0x7a3 ./Core/Src/system_stm32g4xx.o
 .debug_line    0x0000218e       0x7b ./Core/Startup/startup_stm32g491retx.o
 .debug_line    0x00002209      0xb5f ./Drivers/STM32G4xx_HAL_Driver/Src/stm32g4xx_hal.o
 .debug_line    0x00002d68      0xcf2 ./Drivers/STM32G4xx_HAL_Driver/Src/stm32g4xx_hal_cortex.o
 .debug_line    0x00003a5a      0xe89 ./Drivers/STM32G4xx_HAL_Driver/Src/stm32g4xx_hal_dma.o
 .debug_line    0x000048e3      0xb78 ./Drivers/STM32G4xx_HAL_Driver/Src/stm32g4xx_hal_gpio.o
 .debug_line    0x0000545b      0xcce ./Drivers/STM32G4xx_HAL_Driver/Src/stm32g4xx_hal_pwr_ex.o
 .debug_line    0x00006129      0xf2a ./Drivers/STM32G4xx_HAL_Driver/Src/stm32g4xx_hal_rcc.o
 .debug_line    0x00007053     0x2003 ./Drivers/STM32G4xx_HAL_Driver/Src/stm32g4xx_hal_spi.o

.debug_str      0x00000000    0xb835d
 .debug_str     0x00000000    0xb5ed3 ./Core/Src/main.o
                              0xb61fb (size before relaxing)
 .debug_str     0x000b5ed3      0x647 ./Core/Src/stm32g4xx_hal_msp.o
                              0xb3457 (size before relaxing)
 .debug_str     0x000b651a       0xfc ./Core/Src/stm32g4xx_it.o
                              0xb2da5 (size before relaxing)
 .debug_str     0x000b6616       0xdb ./Core/Src/system_stm32g4xx.o
                              0xb29db (size before relaxing)
 .debug_str     0x000b66f1       0x44 ./Core/Startup/startup_stm32g491retx.o
                                 0x7a (size before relaxing)
 .debug_str     0x000b6735      0x5e3 ./Drivers/STM32G4xx_HAL_Driver/Src/stm32g4xx_hal.o
                              0xb35e6 (size before relaxing)
 .debug_str     0x000b6d18      0x355 ./Drivers/STM32G4xx_HAL_Driver/Src/stm32g4xx_hal_cortex.o
                              0xb32a2 (size before relaxing)
 .debug_str     0x000b706d      0x2d8 ./Drivers/STM32G4xx_HAL_Driver/Src/stm32g4xx_hal_dma.o
                              0xb2db5 (size before relaxing)
 .debug_str     0x000b7345      0x15f ./Drivers/STM32G4xx_HAL_Driver/Src/stm32g4xx_hal_gpio.o
                              0xb2b66 (size before relaxing)
 .debug_str     0x000b74a4      0x4a5 ./Drivers/STM32G4xx_HAL_Driver/Src/stm32g4xx_hal_pwr_ex.o
                              0xb2ec9 (size before relaxing)
 .debug_str     0x000b7949      0x4e0 ./Drivers/STM32G4xx_HAL_Driver/Src/stm32g4xx_hal_rcc.o
                              0xb30d4 (size before relaxing)
 .debug_str     0x000b7e29      0x534 ./Drivers/STM32G4xx_HAL_Driver/Src/stm32g4xx_hal_spi.o
                              0xb330d (size before relaxing)

.comment        0x00000000       0x43
 .comment       0x00000000       0x43 ./Core/Src/main.o
                                 0x44 (size before relaxing)
 .comment       0x00000043       0x44 ./Core/Src/stm32g4xx_hal_msp.o
 .comment       0x00000043       0x44 ./Core/Src/stm32g4xx_it.o
 .comment       0x00000043       0x44 ./Core/Src/system_stm32g4xx.o
 .comment       0x00000043       0x44 ./Drivers/STM32G4xx_HAL_Driver/Src/stm32g4xx_hal.o
 .comment       0x00000043       0x44 ./Drivers/STM32G4xx_HAL_Driver/Src/stm32g4xx_hal_cortex.o
 .comment       0x00000043       0x44 ./Drivers/STM32G4xx_HAL_Driver/Src/stm32g4xx_hal_dma.o
 .comment       0x00000043       0x44 ./Drivers/STM32G4xx_HAL_Driver/Src/stm32g4xx_hal_gpio.o
 .comment       0x00000043       0x44 ./Drivers/STM32G4xx_HAL_Driver/Src/stm32g4xx_hal_pwr_ex.o
 .comment       0x00000043       0x44 ./Drivers/STM32G4xx_HAL_Driver/Src/stm32g4xx_hal_rcc.o
 .comment       0x00000043       0x44 ./Drivers/STM32G4xx_HAL_Driver/Src/stm32g4xx_hal_spi.o

.debug_frame    0x00000000     0x2064
 .debug_frame   0x00000000       0xf0 ./Core/Src/main.o
 .debug_frame   0x000000f0       0x7c ./Core/Src/stm32g4xx_hal_msp.o
 .debug_frame   0x0000016c      0x13c ./Core/Src/stm32g4xx_it.o
 .debug_frame   0x000002a8       0x58 ./Core/Src/system_stm32g4xx.o
 .debug_frame   0x00000300      0x500 ./Drivers/STM32G4xx_HAL_Driver/Src/stm32g4xx_hal.o
 .debug_frame   0x00000800      0x4e8 ./Drivers/STM32G4xx_HAL_Driver/Src/stm32g4xx_hal_cortex.o
 .debug_frame   0x00000ce8      0x24c ./Drivers/STM32G4xx_HAL_Driver/Src/stm32g4xx_hal_dma.o
 .debug_frame   0x00000f34      0x14c ./Drivers/STM32G4xx_HAL_Driver/Src/stm32g4xx_hal_gpio.o
 .debug_frame   0x00001080      0x4fc ./Drivers/STM32G4xx_HAL_Driver/Src/stm32g4xx_hal_pwr_ex.o
 .debug_frame   0x0000157c      0x23c ./Drivers/STM32G4xx_HAL_Driver/Src/stm32g4xx_hal_rcc.o
 .debug_frame   0x000017b8      0x860 ./Drivers/STM32G4xx_HAL_Driver/Src/stm32g4xx_hal_spi.o
 .debug_frame   0x00002018       0x20 C:/ST/STM32CubeIDE_1.16.1/STM32CubeIDE/plugins/com.st.stm32cube.ide.mcu.externaltools.gnu-tools-for-stm32.12.3.rel1.win32_1.0.200.202406191623/tools/bin/../lib/gcc/arm-none-eabi/12.3.1/../../../../arm-none-eabi/lib/thumb/v7e-m+fp/hard\libc_nano.a(libc_a-memset.o)
 .debug_frame   0x00002038       0x2c C:/ST/STM32CubeIDE_1.16.1/STM32CubeIDE/plugins/com.st.stm32cube.ide.mcu.externaltools.gnu-tools-for-stm32.12.3.rel1.win32_1.0.200.202406191623/tools/bin/../lib/gcc/arm-none-eabi/12.3.1/../../../../arm-none-eabi/lib/thumb/v7e-m+fp/hard\libc_nano.a(libc_a-init.o)

.debug_line_str
                0x00000000       0x5e
 .debug_line_str
                0x00000000       0x5e ./Core/Startup/startup_stm32g491retx.o
